[05-Mar-2026 17:10:34 UTC] PHP Warning:  Undefined array key "host" in /workspaces/UX221-Assignment2/.wordpress/wp-includes/pluggable.php on line 1721
[05-Mar-2026 17:11:36 UTC] PHP Warning:  Undefined variable $parent_theme_name in /workspaces/UX221-Assignment2/.wordpress/wp-content/mu-plugins/one-click-child-theme/templates/create_child_form.php on line 18
[05-Mar-2026 17:20:09 UTC] PHP Warning:  Undefined variable $parent_theme_name in /workspaces/UX221-Assignment2/.wordpress/wp-content/mu-plugins/one-click-child-theme/templates/create_child_form.php on line 18
[06-Mar-2026 23:07:08 UTC] PHP Fatal error:  Out of memory (allocated 33554432 bytes) (tried to allocate 2097152 bytes) in /workspaces/UX221-Assignment2/.wordpress/wp-admin/includes/class-wp-privacy-requests-table.php on line 218
[06-Mar-2026 23:07:18 UTC] PHP Fatal error:  Out of memory (allocated 33554432 bytes) (tried to allocate 2097152 bytes) in /workspaces/UX221-Assignment2/.wordpress/wp-admin/includes/class-wp-privacy-requests-table.php on line 218
[06-Mar-2026 23:07:28 UTC] PHP Fatal error:  Out of memory (allocated 33554432 bytes) (tried to allocate 2097152 bytes) in /workspaces/UX221-Assignment2/.wordpress/wp-admin/includes/class-wp-privacy-requests-table.php on line 218
[06-Mar-2026 23:07:38 UTC] PHP Fatal error:  Out of memory (allocated 33554432 bytes) (tried to allocate 2097152 bytes) in /workspaces/UX221-Assignment2/.wordpress/wp-admin/includes/class-wp-privacy-requests-table.php on line 218
[06-Mar-2026 23:07:48 UTC] PHP Fatal error:  Out of memory (allocated 33554432 bytes) (tried to allocate 2097152 bytes) in /workspaces/UX221-Assignment2/.wordpress/wp-admin/includes/class-wp-privacy-requests-table.php on line 218
[06-Mar-2026 23:07:58 UTC] PHP Fatal error:  Out of memory (allocated 33554432 bytes) (tried to allocate 2097152 bytes) in /workspaces/UX221-Assignment2/.wordpress/wp-admin/includes/class-wp-privacy-requests-table.php on line 218
[06-Mar-2026 23:08:08 UTC] PHP Fatal error:  Out of memory (allocated 33554432 bytes) (tried to allocate 2097152 bytes) in /workspaces/UX221-Assignment2/.wordpress/wp-admin/includes/class-wp-privacy-requests-table.php on line 218
[06-Mar-2026 23:08:18 UTC] PHP Fatal error:  Out of memory (allocated 33554432 bytes) (tried to allocate 2097152 bytes) in /workspaces/UX221-Assignment2/.wordpress/wp-admin/includes/class-wp-privacy-requests-table.php on line 218
[06-Mar-2026 23:08:29 UTC] PHP Fatal error:  Out of memory (allocated 33554432 bytes) (tried to allocate 2097152 bytes) in /workspaces/UX221-Assignment2/.wordpress/wp-admin/includes/class-wp-privacy-requests-table.php on line 218
[06-Mar-2026 23:08:38 UTC] PHP Fatal error:  Out of memory (allocated 33554432 bytes) (tried to allocate 2097152 bytes) in /workspaces/UX221-Assignment2/.wordpress/wp-admin/includes/class-wp-privacy-requests-table.php on line 218
[06-Mar-2026 23:08:48 UTC] PHP Fatal error:  Out of memory (allocated 31457280 bytes) (tried to allocate 8192 bytes) in /workspaces/UX221-Assignment2/.wordpress/wp-admin/includes/post.php on line 41
[06-Mar-2026 23:08:49 UTC] PHP Fatal error:  Out of memory (allocated 31457280 bytes) (tried to allocate 28672 bytes) in /workspaces/UX221-Assignment2/.wordpress/wp-admin/includes/template.php on line 384
[06-Mar-2026 23:08:58 UTC] PHP Fatal error:  Out of memory (allocated 31457280 bytes) (tried to allocate 28672 bytes) in /workspaces/UX221-Assignment2/.wordpress/wp-admin/includes/template.php on line 384
[06-Mar-2026 23:09:08 UTC] PHP Fatal error:  Out of memory (allocated 31457280 bytes) (tried to allocate 28672 bytes) in /workspaces/UX221-Assignment2/.wordpress/wp-admin/includes/template.php on line 384
[06-Mar-2026 23:09:19 UTC] PHP Fatal error:  Out of memory (allocated 31457280 bytes) (tried to allocate 28672 bytes) in /workspaces/UX221-Assignment2/.wordpress/wp-admin/includes/template.php on line 384
[06-Mar-2026 23:09:35 UTC] PHP Fatal error:  Out of memory (allocated 31457280 bytes) (tried to allocate 28672 bytes) in /workspaces/UX221-Assignment2/.wordpress/wp-admin/includes/post.php on line 130
[06-Mar-2026 23:09:44 UTC] PHP Fatal error:  Out of memory (allocated 31457280 bytes) (tried to allocate 28672 bytes) in /workspaces/UX221-Assignment2/.wordpress/wp-admin/includes/template.php on line 384
[06-Mar-2026 23:09:54 UTC] PHP Fatal error:  Out of memory (allocated 31457280 bytes) (tried to allocate 28672 bytes) in /workspaces/UX221-Assignment2/.wordpress/wp-admin/includes/template.php on line 384
[06-Mar-2026 23:10:04 UTC] PHP Fatal error:  Out of memory (allocated 31457280 bytes) (tried to allocate 28672 bytes) in /workspaces/UX221-Assignment2/.wordpress/wp-admin/includes/template.php on line 384
[06-Mar-2026 23:10:14 UTC] PHP Fatal error:  Out of memory (allocated 31457280 bytes) (tried to allocate 28672 bytes) in /workspaces/UX221-Assignment2/.wordpress/wp-admin/includes/template.php on line 384
[06-Mar-2026 23:10:24 UTC] PHP Fatal error:  Out of memory (allocated 31457280 bytes) (tried to allocate 28672 bytes) in /workspaces/UX221-Assignment2/.wordpress/wp-admin/includes/template.php on line 384
[06-Mar-2026 23:10:30 UTC] PHP Fatal error:  Out of memory (allocated 31457280 bytes) (tried to allocate 32768 bytes) in /workspaces/UX221-Assignment2/.wordpress/wp-admin/includes/post.php on line 2552
[06-Mar-2026 23:10:34 UTC] PHP Fatal error:  Out of memory (allocated 31457280 bytes) (tried to allocate 28672 bytes) in /workspaces/UX221-Assignment2/.wordpress/wp-admin/includes/template.php on line 384
[06-Mar-2026 23:10:41 UTC] PHP Fatal error:  Out of memory (allocated 31457280 bytes) (tried to allocate 28672 bytes) in /workspaces/UX221-Assignment2/.wordpress/wp-admin/includes/template.php on line 384
[06-Mar-2026 23:10:59 UTC] PHP Fatal error:  Out of memory (allocated 31457280 bytes) (tried to allocate 28672 bytes) in /workspaces/UX221-Assignment2/.wordpress/wp-admin/includes/template.php on line 384
[06-Mar-2026 23:11:39 UTC] PHP Fatal error:  Out of memory (allocated 31457280 bytes) (tried to allocate 12288 bytes) in /workspaces/UX221-Assignment2/.wordpress/wp-admin/includes/template.php on line 349
[06-Mar-2026 23:12:25 UTC] PHP Fatal error:  Out of memory (allocated 31457280 bytes) (tried to allocate 458752 bytes) in /workspaces/UX221-Assignment2/.wordpress/wp-includes/l10n/class-wp-translation-file-php.php on line 24
[06-Mar-2026 23:12:43 UTC] PHP Fatal error:  Out of memory (allocated 31457280 bytes) (tried to allocate 12288 bytes) in /workspaces/UX221-Assignment2/.wordpress/wp-admin/includes/template.php on line 349
[06-Mar-2026 23:21:48 UTC] PHP Fatal error:  Out of memory (allocated 31457280 bytes) (tried to allocate 28672 bytes) in /workspaces/UX221-Assignment2/.wordpress/wp-admin/includes/template.php on line 384
[06-Mar-2026 23:22:23 UTC] PHP Fatal error:  Out of memory (allocated 31457280 bytes) (tried to allocate 28672 bytes) in /workspaces/UX221-Assignment2/.wordpress/wp-admin/includes/template.php on line 384
[06-Mar-2026 23:22:45 UTC] PHP Fatal error:  Out of memory (allocated 31457280 bytes) (tried to allocate 28672 bytes) in /workspaces/UX221-Assignment2/.wordpress/wp-admin/includes/template.php on line 384
[06-Mar-2026 23:22:46 UTC] PHP Fatal error:  Out of memory (allocated 31457280 bytes) (tried to allocate 12288 bytes) in /workspaces/UX221-Assignment2/.wordpress/wp-admin/includes/template.php on line 349
[06-Mar-2026 23:25:47 UTC] PHP Fatal error:  Out of memory (allocated 31457280 bytes) (tried to allocate 8192 bytes) in /workspaces/UX221-Assignment2/.wordpress/wp-admin/includes/template.php on line 659
[07-Mar-2026 00:18:04 UTC] PHP Fatal error:  Out of memory (allocated 33554432 bytes) (tried to allocate 2097152 bytes) in /workspaces/UX221-Assignment2/.wordpress/wp-includes/widgets/class-wp-widget-custom-html.php on line 85
[07-Mar-2026 00:18:05 UTC] PHP Fatal error:  Out of memory (allocated 31457280 bytes) (tried to allocate 2097152 bytes) in /workspaces/UX221-Assignment2/.wordpress/wp-includes/widgets/class-wp-widget-custom-html.php on line 85
[07-Mar-2026 00:18:06 UTC] PHP Fatal error:  Out of memory (allocated 31457280 bytes) (tried to allocate 2097152 bytes) in /workspaces/UX221-Assignment2/.wordpress/wp-includes/pluggable.php on line 2096
